#
# A fatal error has been detected by the Java Runtime Environment:
#
#  EXCEPTION_ACCESS_VIOLATION (0xc0000005) at pc=0x00007ff8458869ed, pid=3812, tid=13924
#
# JRE version: OpenJDK Runtime Environment Temurin-21.0.10+7 (21.0.10+7) (build 21.0.10+7-LTS)
# Java VM: OpenJDK 64-Bit Server VM Temurin-21.0.10+7 (21.0.10+7-LTS, mixed mode, sharing, tiered, compressed oops, compressed class ptrs, parallel gc, windows-amd64)
# Problematic frame:
# V  [jvm.dll+0x6869ed]
#
# No core dump will be written. Minidumps are not enabled by default on client versions of Windows
#
# If you would like to submit a bug report, please visit:
#   https://github.com/adoptium/adoptium-support/issues
#

---------------  S U M M A R Y ------------

Command Line: --add-modules=ALL-SYSTEM --add-opens=java.base/java.util=ALL-UNNAMED --add-opens=java.base/java.lang=ALL-UNNAMED --add-opens=java.base/sun.nio.fs=ALL-UNNAMED -Declipse.application=org.eclipse.jdt.ls.core.id1 -Dosgi.bundles.defaultStartLevel=4 -Declipse.product=org.eclipse.jdt.ls.core.product -Djava.import.generatesMetadataFilesAtProjectRoot=false -DDetectVMInstallationsJob.disabled=true -Dfile.encoding=utf8 -XX:+UseParallelGC -XX:GCTimeRatio=4 -XX:AdaptiveSizePolicyWeight=90 -Dsun.zip.disableMemoryMapping=true -Xmx2G -Xms100m -Xlog:disable -javaagent:c:\Users\tn252\.vscode\extensions\redhat.java-1.54.0-win32-x64\lombok\lombok-1.18.39-4050.jar -XX:+HeapDumpOnOutOfMemoryError -XX:HeapDumpPath=c:\Users\tn252\AppData\Roaming\Code\User\workspaceStorage\a386a2c6cfc43a516101c149a0ce5792\redhat.java -Daether.dependencyCollector.impl=bf c:\Users\tn252\.vscode\extensions\redhat.java-1.54.0-win32-x64\server\plugins\org.eclipse.equinox.launcher_1.7.100.v20251111-0406.jar -configuration c:\Users\tn252\AppData\Roaming\Code\User\globalStorage\redhat.java\1.54.0\config_win -data c:\Users\tn252\AppData\Roaming\Code\User\workspaceStorage\a386a2c6cfc43a516101c149a0ce5792\redhat.java\jdt_ws --pipe=\\.\pipe\lsp-10e0b5807357bf675d3cd78248aeeeed-sock

Host: Intel(R) Core(TM) i5-10300H CPU @ 2.50GHz, 8 cores, 15G,  Windows 10 , 64 bit Build 19041 (10.0.19041.5915)
Time: Tue Jun  9 16:48:34 2026 SE Asia Standard Time elapsed time: 11377.956587 seconds (0d 3h 9m 37s)

---------------  T H R E A D  ---------------

Current thread (0x0000024371891fd0):  JavaThread "WorkspaceEventsHandler"        [_thread_in_vm, id=13924, stack(0x0000009a81300000,0x0000009a81400000) (1024K)]

Stack: [0x0000009a81300000,0x0000009a81400000],  sp=0x0000009a813fe2e0,  free space=1016k
Native frames: (J=compiled Java code, j=interpreted, Vv=VM code, C=native code)
V  [jvm.dll+0x6869ed]
V  [jvm.dll+0xad0e]
V  [jvm.dll+0x686dff]
V  [jvm.dll+0x3cc6d1]
V  [jvm.dll+0x3cc4c8]
V  [jvm.dll+0x3cb417]
V  [jvm.dll+0x3cb3b8]
V  [jvm.dll+0x3dce7a]
C  0x000002435c5e925f

The last pc belongs to new (printed below).
Java frames: (J=compiled Java code, j=interpreted, Vv=VM code)
j  org.eclipse.core.internal.localstore.FileSystemResourceManager.isSynchronized(Lorg/eclipse/core/resources/IResource;I)Z+162
j  org.eclipse.core.internal.resources.Resource.isSynchronized(I)Z+6
j  org.eclipse.core.internal.resources.File.getContentDescription()Lorg/eclipse/core/runtime/content/IContentDescription;+26
j  org.eclipse.core.internal.filebuffers.ResourceTextFileBuffer.cacheBOM()V+9
j  org.eclipse.core.internal.filebuffers.ResourceTextFileBuffer.cacheEncodingState()V+46
j  org.eclipse.core.internal.filebuffers.ResourceTextFileBuffer.initializeFileBufferContent(Lorg/eclipse/core/runtime/IProgressMonitor;)V+89
j  org.eclipse.core.internal.filebuffers.ResourceFileBuffer.create(Lorg/eclipse/core/runtime/IPath;Lorg/eclipse/core/runtime/IProgressMonitor;)V+112
j  org.eclipse.core.internal.filebuffers.TextFileBufferManager.connect(Lorg/eclipse/core/runtime/IPath;Lorg/eclipse/core/filebuffers/LocationKind;Lorg/eclipse/core/runtime/IProgressMonitor;)V+99
j  org.eclipse.jdt.ls.core.internal.handlers.JsonRpcHelpers.toDocument(Lorg/eclipse/core/resources/IFile;)Lorg/eclipse/jface/text/IDocument;+38
j  org.eclipse.jdt.ls.core.internal.handlers.WorkspaceDiagnosticsHandler.publishMarkers(Lorg/eclipse/core/resources/IProject;[Lorg/eclipse/core/resources/IMarker;)V+259
j  org.eclipse.jdt.ls.core.internal.handlers.WorkspaceDiagnosticsHandler.visit(Lorg/eclipse/core/resources/IResourceDelta;)Z+221
j  org.eclipse.core.internal.events.ResourceDelta.accept(Lorg/eclipse/core/resources/IResourceDeltaVisitor;I)V+65
j  org.eclipse.core.internal.events.ResourceDelta.accept(Lorg/eclipse/core/resources/IResourceDeltaVisitor;I)V+148
j  org.eclipse.core.internal.events.ResourceDelta.accept(Lorg/eclipse/core/resources/IResourceDeltaVisitor;)V+3
j  org.eclipse.jdt.ls.core.internal.handlers.WorkspaceDiagnosticsHandler.resourceChanged(Lorg/eclipse/core/resources/IResourceChangeEvent;)V+9
j  org.eclipse.core.internal.events.NotificationManager$1.run()V+39
j  org.eclipse.core.runtime.SafeRunner.run(Lorg/eclipse/core/runtime/ISafeRunnable;)V+5
j  org.eclipse.core.internal.events.NotificationManager.notify([Lorg/eclipse/core/internal/events/ResourceChangeListenerList$ListenerEntry;Lorg/eclipse/core/internal/events/ResourceChangeEvent;Z)V+87
j  org.eclipse.core.internal.events.NotificationManager.broadcastChanges(Lorg/eclipse/core/internal/watson/ElementTree;Lorg/eclipse/core/internal/events/ResourceChangeEvent;Z)V+107
j  org.eclipse.core.internal.resources.Workspace.broadcastPostChange()V+22
j  org.eclipse.core.internal.resources.Workspace.endOperation(Lorg/eclipse/core/runtime/jobs/ISchedulingRule;Z)V+142
j  org.eclipse.core.internal.resources.Resource.refreshLocal(ILorg/eclipse/core/runtime/IProgressMonitor;)V+249
j  org.eclipse.jdt.ls.core.internal.JDTUtils.getFileOrFolder(Ljava/lang/String;)Lorg/eclipse/core/resources/IResource;+29
j  org.eclipse.jdt.ls.core.internal.managers.StandardProjectsManager.fileChanged(Ljava/lang/String;Lorg/eclipse/jdt/ls/core/internal/managers/ProjectsManager$CHANGE_TYPE;)V+260
j  org.eclipse.jdt.ls.core.internal.handlers.WorkspaceEventsHandler.handleFileEvent(Lorg/eclipse/lsp4j/FileEvent;)V+250
j  org.eclipse.jdt.ls.core.internal.handlers.WorkspaceEventsHandler.lambda$0()V+32
j  org.eclipse.jdt.ls.core.internal.handlers.WorkspaceEventsHandler$$Lambda+0x0000024301434000.run()V+4
j  java.lang.Thread.runWith(Ljava/lang/Object;Ljava/lang/Runnable;)V+5 java.base@21.0.10
j  java.lang.Thread.run()V+19 java.base@21.0.10
v  ~StubRoutines::call_stub 0x000002435c5d100d

siginfo: EXCEPTION_ACCESS_VIOLATION (0xc0000005), reading address 0x0000000000b58757


Registers:
RAX=0x00000000000000b5, RBX=0x000002436ec6e490, RCX=0x000000000000001b, RDX=0x000002436ec6e46a
RSP=0x0000009a813fe2e0, RBP=0x0000009a813fe469, RSI=0x0000009a813fe3d0, RDI=0x00007ff845bfa3c0
R8 =0x0000024371891fd0, R9 =0x00000243712da7a0, R10=0x000002436ec6e0e8, R11=0x0000000000000004
R12=0x0000000000000000, R13=0x000002436bd6b202, R14=0x0000024371891fd0, R15=0x00000243006112b0
RIP=0x00007ff8458869ed, EFLAGS=0x0000000000010297

XMM[0]=0x0000000000000000 0x0000000000000000
XMM[1]=0x0000000000000000 0x0000000000000000
XMM[2]=0x0000000000000000 0x0000000000000000
XMM[3]=0x0000000000000000 0x0000000000000000
XMM[4]=0x0000000000000000 0x0000000000000000
XMM[5]=0x0000000000000000 0x0000000000000000
XMM[6]=0x0000000000000000 0x000000000000000c
XMM[7]=0x0000000000000000 0x0000000000000038
XMM[8]=0x0000000000000000 0xcf853f698372fd2a
XMM[9]=0x0000000000000000 0x406277873ee188fb
XMM[10]=0x0000000000000000 0x00000000fe7f1174
XMM[11]=0x0000000000000000 0x4c4cbdc28b2e46bd
XMM[12]=0x0000000000000000 0x000000003ee188fb
XMM[13]=0x0000000000000000 0x0000000000000000
XMM[14]=0x0000000000000000 0x0000000000000000
XMM[15]=0x0000000000000000 0x0000000000000000
  MXCSR=0x00001fa0


Register to memory mapping:

RAX=0x00000000000000b5 is an unknown value
RBX={method} {0x000002436ec6e498} 'setIgnoreLocalDeletions' '(Z)V' in 'org/eclipse/core/internal/localstore/CollectSyncStatusVisitor'
RCX=0x000000000000001b is an unknown value
RDX=0x000002436ec6e46a is pointing into metadata
RSP=0x0000009a813fe2e0 is pointing into the stack for thread: 0x0000024371891fd0
RBP=0x0000009a813fe469 is pointing into the stack for thread: 0x0000024371891fd0
RSI=0x0000009a813fe3d0 is pointing into the stack for thread: 0x0000024371891fd0
RDI=0x00007ff845bfa3c0 jvm.dll
R8 =0x0000024371891fd0 is a thread
R9 =0x00000243712da7a0 points into unknown readable memory: 0x0000001e00000004 | 04 00 00 00 1e 00 00 00
R10={method} {0x000002436ec6e0f0} 'getAffectedResources' '()Ljava/util/List;' in 'org/eclipse/core/internal/localstore/CollectSyncStatusVisitor'
R11=0x0000000000000004 is an unknown value
R12=0x0 is null
R13=0x000002436bd6b202 is pointing into metadata
R14=0x0000024371891fd0 is a thread
R15=0x00000243006112b0 is pointing into metadata

Top of Stack: (sp=0x0000009a813fe2e0)
0x0000009a813fe2e0:   0000000000000000 0000009a813fe2a8
0x0000009a813fe2f0:   0000024300000003 0000000000000000
0x0000009a813fe300:   0000009a813fe3d0 00007ff84520ad0e
0x0000009a813fe310:   0000000000000000 0000024371891fd0
0x0000009a813fe320:   000002436bd6b202 0000000000000000
0x0000009a813fe330:   0000024371891fd0 00007ff845886dff
0x0000009a813fe340:   000002436ec6e490 000002436ec6de98
0x0000009a813fe350:   0000009a813fe469 0000009a813fe3d0
0x0000009a813fe360:   00000243006112b0 00000243017863a0
0x0000009a813fe370:   00000243017863a0 00000000d6063298
0x0000009a813fe380:   0000000000000004 00007ff8455cc6d1
0x0000009a813fe390:   000002436ec6d698 0000024371891fd0
0x0000009a813fe3a0:   00000243006112b0 00007ff845a20229
0x0000009a813fe3b0:   000002436a377740 00007ff845a6ab74
0x0000009a813fe3c0:   000000273bc7bdec 0000009a81010168
0x0000009a813fe3d0:   000002436ec6e490 0000024371891fd0
0x0000009a813fe3e0:   0000009a813fe4d0 00007ff8454f1563
0x0000009a813fe3f0:   0000000000000000 0000001a7dc8dae4
0x0000009a813fe400:   0000cc8550ffa101 000002434fd624d0
0x0000009a813fe410:   000002434fd622f0 000002434fd62390
0x0000009a813fe420:   000002436fecee04 000002436fecee18
0x0000009a813fe430:   ffffffff00000001 0000000000000000
0x0000009a813fe440:   0000024371891fd0 0000024370cfc1c8
0x0000009a813fe450:   0000000000000001 0000024371891fd0
0x0000009a813fe460:   0000024372174c80 0000024370cfc1b0
0x0000009a813fe470:   0000024370cfc1c8 0000024370cfc298
0x0000009a813fe480:   00000000000000d8 0000009a813fe678
0x0000009a813fe490:   0000024301786658 0000024301786658
0x0000009a813fe4a0:   000002436bd6b202 0000000000000000
0x0000009a813fe4b0:   0000024371891fd0 0000000000000110
0x0000009a813fe4c0:   0000009a813fe5a9 00007ff8455cc4c8
0x0000009a813fe4d0:   0000024301786658 0000001a7dc8656c 

Instructions: (pc=0x00007ff8458869ed)
0x00007ff8458868ed:   83 fa 04 75 3a 44 8b 41 30 41 c1 e8 08 41 80 e0
0x00007ff8458868fd:   01 b8 ff ff ff ff 44 8b ca 03 c2 45 84 c0 74 b8
0x00007ff84588690d:   b0 01 c3 83 f8 02 77 09 8b 41 30 c1 e8 09 24 01
0x00007ff84588691d:   c3 83 fa 04 75 09 8b 41 30 c1 e8 0a 24 01 c3 32
0x00007ff84588692d:   c0 c3 cc 48 8b 41 08 0f b7 50 24 48 8b 48 08 48
0x00007ff84588693d:   8b 05 c5 30 64 00 48 39 44 d1 48 0f 94 c0 c3 cc
0x00007ff84588694d:   cc cc cc 48 89 5c 24 08 57 48 83 ec 20 48 8b 41
0x00007ff84588695d:   08 48 8b d9 66 83 78 22 06 0f 85 c8 00 00 00 48
0x00007ff84588696d:   8d 50 38 0f b6 40 38 3d ca 00 00 00 75 05 e8 60
0x00007ff84588697d:   a8 ac ff 48 98 48 8d 3d 37 3a 37 00 83 3c 87 2a
0x00007ff84588698d:   0f 85 a1 00 00 00 48 8b 53 08 48 83 c2 39 0f b6
0x00007ff84588699d:   02 3d ca 00 00 00 75 08 48 8b cb e8 33 a8 ac ff
0x00007ff8458869ad:   48 98 8b 0c 87 83 f9 1b 74 14 83 f9 1f 74 6d 83
0x00007ff8458869bd:   f9 23 74 0a 83 f9 27 74 63 83 f9 2b 75 69 48 8b
0x00007ff8458869cd:   43 08 66 83 78 2e 02 75 5e 48 8d 50 3a 0f b6 40
0x00007ff8458869dd:   3a 3d ca 00 00 00 75 08 48 8b cb e8 f3 a7 ac ff
0x00007ff8458869ed:   48 d8 81 3c 87 b5 00 00 00 75 3c 48 8b 53 08 48
0x00007ff8458869fd:   83 c2 3d 0f b6 02 3d ca 00 00 00 75 08 48 8b cb
0x00007ff845886a0d:   e8 ce a7 ac ff 48 98 81 3c 87 b1 00 00 00 0f 94
0x00007ff845886a1d:   c0 48 8b 5c 24 30 48 83 c4 20 5f c3 48 8b 43 08
0x00007ff845886a2d:   66 83 78 2e 03 eb a0 48 8b 5c 24 30 32 c0 48 83
0x00007ff845886a3d:   c4 20 5f c3 cc cc cc cc cc cc cc cc cc cc cc cc
0x00007ff845886a4d:   cc cc cc 48 8b 41 08 4c 8b 40 08 0f b7 50 24 48
0x00007ff845886a5d:   8b 05 ad 2f 64 00 49 39 44 d0 48 75 1f 8b 41 28
0x00007ff845886a6d:   c1 e8 03 a8 01 75 12 49 8b 40 18 48 8b 88 e0 00
0x00007ff845886a7d:   00 00 66 83 79 30 33 73 03 b0 01 c3 32 c0 c3 cc
0x00007ff845886a8d:   cc cc cc 40 53 48 83 ec 20 48 8b d9 48 85 c9 74
0x00007ff845886a9d:   54 f6 c3 07 75 4f 48 8d 51 58 e8 04 20 04 00 84
0x00007ff845886aad:   c0 74 42 48 8d 43 08 48 3b 05 05 f8 60 00 73 16
0x00007ff845886abd:   48 3b 05 f4 f7 60 00 72 0d 48 8b cb 48 83 c4 20
0x00007ff845886acd:   5b e9 1d cf bf ff 48 8b cb e8 f5 3a ff ff 84 c0
0x00007ff845886add:   74 13 48 8d 05 0a b8 39 00 48 3b 03 0f 94 c0 48 


Stack slot to memory mapping:

stack at sp + 0 slots: 0x0 is null
stack at sp + 1 slots: 0x0000009a813fe2a8 is pointing into the stack for thread: 0x0000024371891fd0
stack at sp + 2 slots: 0x0000024300000003 is pointing into metadata
stack at sp + 3 slots: 0x0 is null
stack at sp + 4 slots: 0x0000009a813fe3d0 is pointing into the stack for thread: 0x0000024371891fd0
stack at sp + 5 slots: 0x00007ff84520ad0e jvm.dll
stack at sp + 6 slots: 0x0 is null
stack at sp + 7 slots: 0x0000024371891fd0 is a thread

new  187 new  [0x000002435c5e90e0, 0x000002435c5e92e8]  520 bytes
[MachCode]
  0x000002435c5e90e0: 4883 ec08 | c5fa 1104 | 24eb 1f48 | 83ec 10c5 | fb11 0424 | eb14 4883 | ec10 4889 | 0424 48c7 
  0x000002435c5e9100: 4424 0800 | 0000 00eb | 0150 410f | b755 010f | cac1 ea10 | 488b 4de8 | 488b 4908 | 488b 4908 
  0x000002435c5e9120: 488b 4108 | 807c 1004 | 070f 85d3 | 0000 0066 | 8b54 d148 | 488b 4928 | 488b 4cd1 | 0851 80b9 
  0x000002435c5e9140: 3101 0000 | 040f 85b6 | 0000 008b | 5108 f6c2 | 010f 85aa | 0000 0049 | 8b87 b801 | 0000 488d 
  0x000002435c5e9160: 1c10 493b | 9fc8 0100 | 000f 8792 | 0000 0049 | 899f b801 | 0000 4883 | ea10 0f84 | 0f00 0000 
  0x000002435c5e9180: 33c9 c1ea | 0348 894c | d008 48ff | ca75 f648 | c700 0100 | 0000 5933 | f689 700c | 49ba 0000 
  0x000002435c5e91a0: 0000 4302 | 0000 492b | ca89 4808 | 49ba c75c | ea45 f87f | 0000 4180 | 3a00 0f84 | 3c00 0000 
  0x000002435c5e91c0: 5048 8bc8 | 4883 ec20 | 40f6 c40f | 0f84 1900 | 0000 4883 | ec08 48b8 | 90e1 9345 | f87f 0000 
  0x000002435c5e91e0: ffd0 4883 | c408 e90c | 0000 0048 | b890 e193 | 45f8 7f00 | 00ff d048 | 83c4 2058 | e9cb 0000 
  0x000002435c5e9200: 0059 488b | 55e8 488b | 5208 488b | 5208 450f | b745 0141 | 0fc8 41c1 | e810 e805 | 0000 00e9 
  0x000002435c5e9220: a800 0000 | 488d 4424 | 084c 896d | c049 8bcf | c5f8 7749 | 89af b003 | 0000 4989 | 87a0 0300 
  0x000002435c5e9240: 0048 83ec | 2040 f6c4 | 0f0f 8419 | 0000 0048 | 83ec 0848 | b8f0 cd5d | 45f8 7f00 | 00ff d048 
  0x000002435c5e9260: 83c4 08e9 | 0c00 0000 | 48b8 f0cd | 5d45 f87f | 0000 ffd0 | 4883 c420 | 49c7 87a0 | 0300 0000 
  0x000002435c5e9280: 0000 0049 | c787 b003 | 0000 0000 | 0000 49c7 | 87a8 0300 | 0000 0000 | 00c5 f877 | 4983 7f08 
  0x000002435c5e92a0: 000f 8405 | 0000 00e9 | 547c feff | 498b 87f8 | 0300 0049 | c787 f803 | 0000 0000 | 0000 4c8b 
  0x000002435c5e92c0: 6dc0 4c8b | 75c8 4e8d | 74f5 00c3 | 410f b65d | 0349 83c5 | 0349 ba10 | 25ed 45f8 | 7f00 0041 
  0x000002435c5e92e0: ff24 da0f | 1f44 0000 
[/MachCode]

---------------  P R O C E S S  ---------------

Threads class SMR info:
_java_thread_list=0x000002436a7b07f0, length=36, elements={
0x000002434fca6050, 0x00000243689002b0, 0x0000024368901660, 0x00000243689042d0,
0x0000024368904f30, 0x0000024368907aa0, 0x0000024368908500, 0x0000024368909340,
0x000002436a1fc490, 0x000002436a4523b0, 0x000002436a517a60, 0x000002436ada2560,
0x000002436a6816c0, 0x000002436a302cc0, 0x000002436a3f22e0, 0x000002436f3fb3c0,
0x000002436f00c020, 0x000002436f48e630, 0x000002436f3f8960, 0x000002436f3fa3a0,
0x000002436f3f8ff0, 0x000002436f3f7c40, 0x000002436f3f82d0, 0x000002437188e4c0,
0x000002437188f870, 0x000002437188ff00, 0x0000024371894730, 0x0000024371893380,
0x000002437188eb50, 0x0000024371892660, 0x000002437188de30, 0x0000024371891fd0,
0x00000243718912b0, 0x0000024371384120, 0x00000243713854d0, 0x000002437137ebd0
}

Java Threads: ( => current thread )
  0x000002434fca6050 JavaThread "main"                              [_thread_blocked, id=11044, stack(0x0000009afe400000,0x0000009afe500000) (1024K)]
  0x00000243689002b0 JavaThread "Reference Handler"          daemon [_thread_blocked, id=11388, stack(0x0000009afe800000,0x0000009afe900000) (1024K)]
  0x0000024368901660 JavaThread "Finalizer"                  daemon [_thread_blocked, id=1068, stack(0x0000009afe900000,0x0000009afea00000) (1024K)]
  0x00000243689042d0 JavaThread "Signal Dispatcher"          daemon [_thread_blocked, id=9804, stack(0x0000009afea00000,0x0000009afeb00000) (1024K)]
  0x0000024368904f30 JavaThread "Attach Listener"            daemon [_thread_blocked, id=7148, stack(0x0000009afeb00000,0x0000009afec00000) (1024K)]
  0x0000024368907aa0 JavaThread "Service Thread"             daemon [_thread_blocked, id=7272, stack(0x0000009afec00000,0x0000009afed00000) (1024K)]
  0x0000024368908500 JavaThread "Monitor Deflation Thread"   daemon [_thread_blocked, id=3740, stack(0x0000009afed00000,0x0000009afee00000) (1024K)]
  0x0000024368909340 JavaThread "C2 CompilerThread0"         daemon [_thread_blocked, id=4060, stack(0x0000009afee00000,0x0000009afef00000) (1024K)]
  0x000002436a1fc490 JavaThread "C1 CompilerThread0"         daemon [_thread_blocked, id=8952, stack(0x0000009afef00000,0x0000009aff000000) (1024K)]
  0x000002436a4523b0 JavaThread "Common-Cleaner"             daemon [_thread_blocked, id=288, stack(0x0000009aff100000,0x0000009aff200000) (1024K)]
  0x000002436a517a60 JavaThread "Notification Thread"        daemon [_thread_blocked, id=13488, stack(0x0000009aff200000,0x0000009aff300000) (1024K)]
  0x000002436ada2560 JavaThread "Active Thread: Equinox Container: a61922d3-5aca-432a-9ef7-f44f5b511b01"        [_thread_blocked, id=13448, stack(0x0000009affa00000,0x0000009affb00000) (1024K)]
  0x000002436a6816c0 JavaThread "Refresh Thread: Equinox Container: a61922d3-5aca-432a-9ef7-f44f5b511b01" daemon [_thread_blocked, id=13940, stack(0x0000009aff300000,0x0000009aff400000) (1024K)]
  0x000002436a302cc0 JavaThread "Framework Event Dispatcher: Equinox Container: a61922d3-5aca-432a-9ef7-f44f5b511b01" daemon [_thread_blocked, id=13540, stack(0x0000009affb00000,0x0000009affc00000) (1024K)]
  0x000002436a3f22e0 JavaThread "Start Level: Equinox Container: a61922d3-5aca-432a-9ef7-f44f5b511b01" daemon [_thread_blocked, id=13548, stack(0x0000009affc00000,0x0000009affd00000) (1024K)]
  0x000002436f3fb3c0 JavaThread "Bundle File Closer"         daemon [_thread_blocked, id=13916, stack(0x0000009affe00000,0x0000009afff00000) (1024K)]
  0x000002436f00c020 JavaThread "SCR Component Actor"        daemon [_thread_blocked, id=14292, stack(0x0000009affd00000,0x0000009affe00000) (1024K)]
  0x000002436f48e630 JavaThread "Worker-JM"                         [_thread_blocked, id=7324, stack(0x0000009a80100000,0x0000009a80200000) (1024K)]
  0x000002436f3f8960 JavaThread "JNA Cleaner"                daemon [_thread_blocked, id=13640, stack(0x0000009a80000000,0x0000009a80100000) (1024K)]
  0x000002436f3fa3a0 JavaThread "Worker-1"                          [_thread_blocked, id=13848, stack(0x0000009a80300000,0x0000009a80400000) (1024K)]
  0x000002436f3f8ff0 JavaThread "Java indexing"              daemon [_thread_blocked, id=14016, stack(0x0000009a80500000,0x0000009a80600000) (1024K)]
  0x000002436f3f7c40 JavaThread "Thread-1"                   daemon [_thread_in_native, id=13964, stack(0x0000009a80900000,0x0000009a80a00000) (1024K)]
  0x000002436f3f82d0 JavaThread "Thread-2"                   daemon [_thread_in_native, id=12360, stack(0x0000009a80a00000,0x0000009a80b00000) (1024K)]
  0x000002437188e4c0 JavaThread "Thread-3"                   daemon [_thread_in_native, id=9484, stack(0x0000009a80b00000,0x0000009a80c00000) (1024K)]
  0x000002437188f870 JavaThread "Thread-4"                   daemon [_thread_in_native, id=2036, stack(0x0000009a80c00000,0x0000009a80d00000) (1024K)]
  0x000002437188ff00 JavaThread "Thread-5"                   daemon [_thread_in_native, id=10416, stack(0x0000009a80d00000,0x0000009a80e00000) (1024K)]
  0x0000024371894730 JavaThread "Thread-6"                   daemon [_thread_in_native, id=11612, stack(0x0000009a80e00000,0x0000009a80f00000) (1024K)]
  0x0000024371893380 JavaThread "Thread-7"                   daemon [_thread_in_native, id=13884, stack(0x0000009a80f00000,0x0000009a81000000) (1024K)]
  0x000002437188eb50 JavaThread "Thread-8"                   daemon [_thread_in_native, id=13360, stack(0x0000009a81000000,0x0000009a81100000) (1024K)]
  0x0000024371892660 JavaThread "Thread-9"                   daemon [_thread_in_native, id=14004, stack(0x0000009a81100000,0x0000009a81200000) (1024K)]
  0x000002437188de30 JavaThread "pool-2-thread-1"                   [_thread_blocked, id=14076, stack(0x0000009a81200000,0x0000009a81300000) (1024K)]
=>0x0000024371891fd0 JavaThread "WorkspaceEventsHandler"            [_thread_in_vm, id=13924, stack(0x0000009a81300000,0x0000009a81400000) (1024K)]
  0x00000243718912b0 JavaThread "pool-1-thread-1"                   [_thread_blocked, id=14228, stack(0x0000009a81400000,0x0000009a81500000) (1024K)]
  0x0000024371384120 JavaThread "Cleaner-0"                  daemon [_thread_blocked, id=13556, stack(0x0000009a81c00000,0x0000009a81d00000) (1024K)]
  0x00000243713854d0 JavaThread "Worker-4"                          [_thread_blocked, id=17796, stack(0x0000009a80200000,0x0000009a80300000) (1024K)]
  0x000002437137ebd0 JavaThread "Worker-5"                          [_thread_blocked, id=18920, stack(0x0000009a80400000,0x0000009a80500000) (1024K)]
Total: 36

Other Threads:
  0x00000243688f1db0 VMThread "VM Thread"                           [id=6732, stack(0x0000009afe700000,0x0000009afe800000) (1024K)]
  0x0000024351efb390 WatcherThread "VM Periodic Task Thread"        [id=3648, stack(0x0000009afe600000,0x0000009afe700000) (1024K)]
  0x0000024351eae8f0 WorkerThread "GC Thread#0"                     [id=6024, stack(0x0000009afe500000,0x0000009afe600000) (1024K)]
  0x000002436ab1c640 WorkerThread "GC Thread#1"                     [id=13792, stack(0x0000009aff400000,0x0000009aff500000) (1024K)]
  0x000002436a7e5d60 WorkerThread "GC Thread#2"                     [id=13796, stack(0x0000009aff500000,0x0000009aff600000) (1024K)]
  0x000002436a7e6110 WorkerThread "GC Thread#3"                     [id=13800, stack(0x0000009aff600000,0x0000009aff700000) (1024K)]
  0x000002436a543ab0 WorkerThread "GC Thread#4"                     [id=13804, stack(0x0000009aff700000,0x0000009aff800000) (1024K)]
  0x000002436a543e60 WorkerThread "GC Thread#5"                     [id=13808, stack(0x0000009aff800000,0x0000009aff900000) (1024K)]
  0x000002436a7eb510 WorkerThread "GC Thread#6"                     [id=13812, stack(0x0000009aff900000,0x0000009affa00000) (1024K)]
  0x000002436892bf80 WorkerThread "GC Thread#7"                     [id=13780, stack(0x0000009aff000000,0x0000009aff100000) (1024K)]
Total: 10

Threads with active compile tasks:
Total: 0

VM state: not at safepoint (normal execution)

VM Mutex/Monitor currently owned by a thread: None

Heap address: 0x0000000080000000, size: 2048 MB, Compressed Oops mode: 32-bit

CDS archive(s) mapped at: [0x0000024300000000-0x0000024300ba0000-0x0000024300ba0000), size 12189696, SharedBaseAddress: 0x0000024300000000, ArchiveRelocationMode: 1.
Compressed class space mapped at: 0x0000024301000000-0x0000024341000000, reserved size: 1073741824
Narrow klass base: 0x0000024300000000, Narrow klass shift: 0, Narrow klass range: 0x100000000

GC Precious Log:
 CardTable entry size: 512
 CPUs: 8 total, 8 available
 Memory: 16221M
 Large Page Support: Disabled
 NUMA Support: Disabled
 Compressed Oops: Enabled (32-bit)
 Alignments: Space 512K, Generation 512K, Heap 2M
 Heap Min Capacity: 100M
 Heap Initial Capacity: 100M
 Heap Max Capacity: 2G
 Pre-touch: Disabled
 Parallel Workers: 8

Heap:
 PSYoungGen      total 19456K, used 11652K [0x00000000d5580000, 0x00000000d6b00000, 0x0000000100000000)
  eden space 18944K, 58% used [0x00000000d5580000,0x00000000d60652c0,0x00000000d6800000)
  from space 512K, 96% used [0x00000000d6900000,0x00000000d697c010,0x00000000d6980000)
  to   space 1536K, 0% used [0x00000000d6980000,0x00000000d6980000,0x00000000d6b00000)
 ParOldGen       total 94720K, used 94484K [0x0000000080000000, 0x0000000085c80000, 0x00000000d5580000)
  object space 94720K, 99% used [0x0000000080000000,0x0000000085c45208,0x0000000085c80000)
 Metaspace       used 67643K, committed 69120K, reserved 1114112K
  class space    used 7104K, committed 7744K, reserved 1048576K

Card table byte_map: [0x0000024351840000,0x0000024351c50000] _byte_map_base: 0x0000024351440000

Marking Bits: (ParMarkBitMap*) 0x00007ff845ec3450
 Begin Bits: [0x0000024364350000, 0x0000024366350000)
 End Bits:   [0x0000024366350000, 0x0000024368350000)

Polling page: 0x000002434fe70000

Metaspace:

Usage:
  Non-class:     59.12 MB used.
      Class:      6.94 MB used.
       Both:     66.06 MB used.

Virtual space:
  Non-class space:       64.00 MB reserved,      59.94 MB ( 94%) committed,  1 nodes.
      Class space:        1.00 GB reserved,       7.56 MB ( <1%) committed,  1 nodes.
             Both:        1.06 GB reserved,      67.50 MB (  6%) committed. 

Chunk freelists:
   Non-Class:  3.53 MB
       Class:  8.40 MB
        Both:  11.93 MB

MaxMetaspaceSize: unlimited
CompressedClassSpaceSize: 1.00 GB
Initial GC threshold: 21.00 MB
Current GC threshold: 97.81 MB
CDS: on
 - commit_granule_bytes: 65536.
 - commit_granule_words: 8192.
 - virtual_space_node_default_size: 8388608.
 - enlarge_chunks_in_place: 1.
 - use_allocation_guard: 0.


Internal statistics:

num_allocs_failed_limit: 13.
num_arena_births: 1234.
num_arena_deaths: 14.
num_vsnodes_births: 2.
num_vsnodes_deaths: 0.
num_space_committed: 1080.
num_space_uncommitted: 0.
num_chunks_returned_to_freelist: 27.
num_chunks_taken_from_freelist: 4415.
num_chunk_merges: 18.
num_chunk_splits: 2756.
num_chunks_enlarged: 1581.
num_inconsistent_stats: 0.

CodeHeap 'non-profiled nmethods': size=120000Kb used=8976Kb max_used=8976Kb free=111023Kb
 bounds [0x000002435cb70000, 0x000002435d440000, 0x00000243640a0000]
CodeHeap 'profiled nmethods': size=120000Kb used=25772Kb max_used=25772Kb free=94227Kb
 bounds [0x00000243550a0000, 0x00000243569d0000, 0x000002435c5d0000]
CodeHeap 'non-nmethods': size=5760Kb used=1443Kb max_used=1559Kb free=4316Kb
 bounds [0x000002435c5d0000, 0x000002435c840000, 0x000002435cb70000]
CodeCache: size=245760Kb, used=36191Kb, max_used=36307Kb, free=209566Kb
 total_blobs=12204, nmethods=11443, adapters=666, full_count=0
Compilation: enabled, stopped_count=0, restarted_count=0

Compilation events (20 events):
Event: 11377.889 Thread 0x000002436a1fc490 12194       3       org.eclipse.core.runtime.Path::isPrefixOf (118 bytes)
Event: 11377.890 Thread 0x000002436a1fc490 nmethod 12194 0x00000243569c2c90 code [0x00000243569c2f00, 0x00000243569c3988]
Event: 11377.890 Thread 0x000002436a1fc490 12193       3       org.eclipse.jdt.internal.core.ClasspathEntry::resolveDotDot (271 bytes)
Event: 11377.893 Thread 0x000002436a1fc490 nmethod 12193 0x00000243569c3d90 code [0x00000243569c4160, 0x00000243569c5a08]
Event: 11377.893 Thread 0x000002436a1fc490 12195       3       org.eclipse.jdt.internal.core.ClasspathAttribute::equals (46 bytes)
Event: 11377.894 Thread 0x000002436a1fc490 nmethod 12195 0x00000243569c6410 code [0x00000243569c6600, 0x00000243569c6a70]
Event: 11377.894 Thread 0x000002436a1fc490 12192       3       org.eclipse.jdt.internal.core.ClasspathEntry::resolvedDotDot (76 bytes)
Event: 11377.894 Thread 0x000002436a1fc490 nmethod 12192 0x00000243569c6b90 code [0x00000243569c6d80, 0x00000243569c7228]
Event: 11377.894 Thread 0x000002436a1fc490 12191       3       org.eclipse.jdt.internal.core.ClasspathEntry::hashCode (8 bytes)
Event: 11377.895 Thread 0x000002436a1fc490 nmethod 12191 0x00000243569c7390 code [0x00000243569c7540, 0x00000243569c7718]
Event: 11377.895 Thread 0x000002436a1fc490 12190       3       org.eclipse.jdt.internal.core.JavaProject::addToResult (159 bytes)
Event: 11377.896 Thread 0x000002436a1fc490 nmethod 12190 0x00000243569c7810 code [0x00000243569c7b40, 0x00000243569c8c30]
Event: 11377.906 Thread 0x000002436a1fc490 12196       3       org.eclipse.core.runtime.SubMonitor::consume (134 bytes)
Event: 11377.908 Thread 0x000002436a1fc490 nmethod 12196 0x00000243569c9390 code [0x00000243569c9560, 0x00000243569c99b8]
Event: 11377.908 Thread 0x000002436a1fc490 12197       3       org.eclipse.jdt.ls.core.internal.handlers.ProgressReporterManager$ProgressReporter::sendProgress (78 bytes)
Event: 11377.909 Thread 0x000002436a1fc490 nmethod 12197 0x00000243569c9a90 code [0x00000243569c9ca0, 0x00000243569ca2f8]
Event: 11377.909 Thread 0x000002436a1fc490 12198       3       org.eclipse.core.runtime.SubMonitor::newChild (194 bytes)
Event: 11377.910 Thread 0x000002436a1fc490 nmethod 12198 0x00000243569ca510 code [0x00000243569ca740, 0x00000243569cae10]
Event: 11377.943 Thread 0x0000024368909340 12200       4       java.util.Optional::orElse (16 bytes)
Event: 11377.943 Thread 0x0000024368909340 nmethod 12200 0x000002435d434090 code [0x000002435d434220, 0x000002435d4342c0]

GC Heap History (20 events):
Event: 36.361 GC heap before
{Heap before GC invocations=125 (full 3):
 PSYoungGen      total 20480K, used 20320K [0x00000000d5580000, 0x00000000d6a80000, 0x0000000100000000)
  eden space 19968K, 100% used [0x00000000d5580000,0x00000000d6900000,0x00000000d6900000)
  from space 512K, 68% used [0x00000000d6980000,0x00000000d69d8000,0x00000000d6a00000)
  to   space 512K, 0% used [0x00000000d6a00000,0x00000000d6a00000,0x00000000d6a80000)
 ParOldGen       total 86528K, used 86278K [0x0000000080000000, 0x0000000085480000, 0x00000000d5580000)
  object space 86528K, 99% used [0x0000000080000000,0x0000000085441828,0x0000000085480000)
 Metaspace       used 60901K, committed 62336K, reserved 1114112K
  class space    used 6435K, committed 7040K, reserved 1048576K
}
Event: 36.362 GC heap after
{Heap after GC invocations=125 (full 3):
 PSYoungGen      total 20480K, used 320K [0x00000000d5580000, 0x00000000d6a80000, 0x0000000100000000)
  eden space 19968K, 0% used [0x00000000d5580000,0x00000000d5580000,0x00000000d6900000)
  from space 512K, 62% used [0x00000000d6a00000,0x00000000d6a50000,0x00000000d6a80000)
  to   space 512K, 0% used [0x00000000d6980000,0x00000000d6980000,0x00000000d6a00000)
 ParOldGen       total 86528K, used 86478K [0x0000000080000000, 0x0000000085480000, 0x00000000d5580000)
  object space 86528K, 99% used [0x0000000080000000,0x0000000085473828,0x0000000085480000)
 Metaspace       used 60901K, committed 62336K, reserved 1114112K
  class space    used 6435K, committed 7040K, reserved 1048576K
}
Event: 36.463 GC heap before
{Heap before GC invocations=126 (full 3):
 PSYoungGen      total 20480K, used 20288K [0x00000000d5580000, 0x00000000d6a80000, 0x0000000100000000)
  eden space 19968K, 100% used [0x00000000d5580000,0x00000000d6900000,0x00000000d6900000)
  from space 512K, 62% used [0x00000000d6a00000,0x00000000d6a50000,0x00000000d6a80000)
  to   space 512K, 0% used [0x00000000d6980000,0x00000000d6980000,0x00000000d6a00000)
 ParOldGen       total 86528K, used 86478K [0x0000000080000000, 0x0000000085480000, 0x00000000d5580000)
  object space 86528K, 99% used [0x0000000080000000,0x0000000085473828,0x0000000085480000)
 Metaspace       used 61523K, committed 62976K, reserved 1114112K
  class space    used 6500K, committed 7104K, reserved 1048576K
}
Event: 36.465 GC heap after
{Heap after GC invocations=126 (full 3):
 PSYoungGen      total 20480K, used 512K [0x00000000d5580000, 0x00000000d6d00000, 0x0000000100000000)
  eden space 19968K, 0% used [0x00000000d5580000,0x00000000d5580000,0x00000000d6900000)
  from space 512K, 100% used [0x00000000d6980000,0x00000000d6a00000,0x00000000d6a00000)
  to   space 2048K, 0% used [0x00000000d6b00000,0x00000000d6b00000,0x00000000d6d00000)
 ParOldGen       total 87552K, used 87446K [0x0000000080000000, 0x0000000085580000, 0x00000000d5580000)
  object space 87552K, 99% used [0x0000000080000000,0x0000000085565858,0x0000000085580000)
 Metaspace       used 61523K, committed 62976K, reserved 1114112K
  class space    used 6500K, committed 7104K, reserved 1048576K
}
Event: 36.650 GC heap before
{Heap before GC invocations=127 (full 3):
 PSYoungGen      total 20480K, used 20480K [0x00000000d5580000, 0x00000000d6d00000, 0x0000000100000000)
  eden space 19968K, 100% used [0x00000000d5580000,0x00000000d6900000,0x00000000d6900000)
  from space 512K, 100% used [0x00000000d6980000,0x00000000d6a00000,0x00000000d6a00000)
  to   space 2048K, 0% used [0x00000000d6b00000,0x00000000d6b00000,0x00000000d6d00000)
 ParOldGen       total 87552K, used 87446K [0x0000000080000000, 0x0000000085580000, 0x00000000d5580000)
  object space 87552K, 99% used [0x0000000080000000,0x0000000085565858,0x0000000085580000)
 Metaspace       used 62062K, committed 63424K, reserved 1114112K
  class space    used 6568K, committed 7168K, reserved 1048576K
}
Event: 36.653 GC heap after
{Heap after GC invocations=127 (full 3):
 PSYoungGen      total 21504K, used 1385K [0x00000000d5580000, 0x00000000d6c80000, 0x0000000100000000)
  eden space 19968K, 0% used [0x00000000d5580000,0x00000000d5580000,0x00000000d6900000)
  from space 1536K, 90% used [0x00000000d6b00000,0x00000000d6c5a5f0,0x00000000d6c80000)
  to   space 1536K, 0% used [0x00000000d6980000,0x00000000d6980000,0x00000000d6b00000)
 ParOldGen       total 88064K, used 87950K [0x0000000080000000, 0x0000000085600000, 0x00000000d5580000)
  object space 88064K, 99% used [0x0000000080000000,0x00000000855e3868,0x0000000085600000)
 Metaspace       used 62062K, committed 63424K, reserved 1114112K
  class space    used 6568K, committed 7168K, reserved 1048576K
}
Event: 36.749 GC heap before
{Heap before GC invocations=128 (full 3):
 PSYoungGen      total 21504K, used 21353K [0x00000000d5580000, 0x00000000d6c80000, 0x0000000100000000)
  eden space 19968K, 100% used [0x00000000d5580000,0x00000000d6900000,0x00000000d6900000)
  from space 1536K, 90% used [0x00000000d6b00000,0x00000000d6c5a5f0,0x00000000d6c80000)
  to   space 1536K, 0% used [0x00000000d6980000,0x00000000d6980000,0x00000000d6b00000)
 ParOldGen       total 88064K, used 87950K [0x0000000080000000, 0x0000000085600000, 0x00000000d5580000)
  object space 88064K, 99% used [0x0000000080000000,0x00000000855e3868,0x0000000085600000)
 Metaspace       used 62246K, committed 63680K, reserved 1114112K
  class space    used 6572K, committed 7168K, reserved 1048576K
}
Event: 36.752 GC heap after
{Heap after GC invocations=128 (full 3):
 PSYoungGen      total 21504K, used 1422K [0x00000000d5580000, 0x00000000d6c00000, 0x0000000100000000)
  eden space 19968K, 0% used [0x00000000d5580000,0x00000000d5580000,0x00000000d6900000)
  from space 1536K, 92% used [0x00000000d6980000,0x00000000d6ae3af0,0x00000000d6b00000)
  to   space 1024K, 0% used [0x00000000d6b00000,0x00000000d6b00000,0x00000000d6c00000)
 ParOldGen       total 89088K, used 88988K [0x0000000080000000, 0x0000000085700000, 0x00000000d5580000)
  object space 89088K, 99% used [0x0000000080000000,0x00000000856e73c0,0x0000000085700000)
 Metaspace       used 62246K, committed 63680K, reserved 1114112K
  class space    used 6572K, committed 7168K, reserved 1048576K
}
Event: 37.000 GC heap before
{Heap before GC invocations=129 (full 3):
 PSYoungGen      total 21504K, used 21385K [0x00000000d5580000, 0x00000000d6c00000, 0x0000000100000000)
  eden space 19968K, 99% used [0x00000000d5580000,0x00000000d68fe9b0,0x00000000d6900000)
  from space 1536K, 92% used [0x00000000d6980000,0x00000000d6ae3af0,0x00000000d6b00000)
  to   space 1024K, 0% used [0x00000000d6b00000,0x00000000d6b00000,0x00000000d6c00000)
 ParOldGen       total 89088K, used 89020K [0x0000000080000000, 0x0000000085700000, 0x00000000d5580000)
  object space 89088K, 99% used [0x0000000080000000,0x00000000856ef0e8,0x0000000085700000)
 Metaspace       used 63572K, committed 65088K, reserved 1114112K
  class space    used 6733K, committed 7360K, reserved 1048576K
}
Event: 37.004 GC heap after
{Heap after GC invocations=129 (full 3):
 PSYoungGen      total 19968K, used 996K [0x00000000d5580000, 0x00000000d6f00000, 0x0000000100000000)
  eden space 18944K, 0% used [0x00000000d5580000,0x00000000d5580000,0x00000000d6800000)
  from space 1024K, 97% used [0x00000000d6b00000,0x00000000d6bf93a0,0x00000000d6c00000)
  to   space 3072K, 0% used [0x00000000d6800000,0x00000000d6800000,0x00000000d6b00000)
 ParOldGen       total 91136K, used 90839K [0x0000000080000000, 0x0000000085900000, 0x00000000d5580000)
  object space 91136K, 99% used [0x0000000080000000,0x00000000858b5c48,0x0000000085900000)
 Metaspace       used 63572K, committed 65088K, reserved 1114112K
  class space    used 6733K, committed 7360K, reserved 1048576K
}
Event: 37.135 GC heap before
{Heap before GC invocations=130 (full 3):
 PSYoungGen      total 19968K, used 19940K [0x00000000d5580000, 0x00000000d6f00000, 0x0000000100000000)
  eden space 18944K, 100% used [0x00000000d5580000,0x00000000d6800000,0x00000000d6800000)
  from space 1024K, 97% used [0x00000000d6b00000,0x00000000d6bf93a0,0x00000000d6c00000)
  to   space 3072K, 0% used [0x00000000d6800000,0x00000000d6800000,0x00000000d6b00000)
 ParOldGen       total 91136K, used 90841K [0x0000000080000000, 0x0000000085900000, 0x00000000d5580000)
  object space 91136K, 99% used [0x0000000080000000,0x00000000858b64e8,0x0000000085900000)
 Metaspace       used 64851K, committed 66304K, reserved 1114112K
  class space    used 6831K, committed 7424K, reserved 1048576K
}
Event: 37.138 GC heap after
{Heap after GC invocations=130 (full 3):
 PSYoungGen      total 20992K, used 1684K [0x00000000d5580000, 0x00000000d6d00000, 0x0000000100000000)
  eden space 18944K, 0% used [0x00000000d5580000,0x00000000d5580000,0x00000000d6800000)
  from space 2048K, 82% used [0x00000000d6800000,0x00000000d69a5200,0x00000000d6a00000)
  to   space 2560K, 0% used [0x00000000d6a80000,0x00000000d6a80000,0x00000000d6d00000)
 ParOldGen       total 92160K, used 91873K [0x0000000080000000, 0x0000000085a00000, 0x00000000d5580000)
  object space 92160K, 99% used [0x0000000080000000,0x00000000859b8430,0x0000000085a00000)
 Metaspace       used 64851K, committed 66304K, reserved 1114112K
  class space    used 6831K, committed 7424K, reserved 1048576K
}
Event: 37.266 GC heap before
{Heap before GC invocations=131 (full 3):
 PSYoungGen      total 20992K, used 20628K [0x00000000d5580000, 0x00000000d6d00000, 0x0000000100000000)
  eden space 18944K, 100% used [0x00000000d5580000,0x00000000d6800000,0x00000000d6800000)
  from space 2048K, 82% used [0x00000000d6800000,0x00000000d69a5200,0x00000000d6a00000)
  to   space 2560K, 0% used [0x00000000d6a80000,0x00000000d6a80000,0x00000000d6d00000)
 ParOldGen       total 92160K, used 91873K [0x0000000080000000, 0x0000000085a00000, 0x00000000d5580000)
  object space 92160K, 99% used [0x0000000080000000,0x00000000859b8430,0x0000000085a00000)
 Metaspace       used 65663K, committed 67200K, reserved 1114112K
  class space    used 6891K, committed 7552K, reserved 1048576K
}
Event: 37.268 GC heap after
{Heap after GC invocations=131 (full 3):
 PSYoungGen      total 20480K, used 1295K [0x00000000d5580000, 0x00000000d6c00000, 0x0000000100000000)
  eden space 18944K, 0% used [0x00000000d5580000,0x00000000d5580000,0x00000000d6800000)
  from space 1536K, 84% used [0x00000000d6a80000,0x00000000d6bc3d78,0x00000000d6c00000)
  to   space 1536K, 0% used [0x00000000d6900000,0x00000000d6900000,0x00000000d6a80000)
 ParOldGen       total 92672K, used 92571K [0x0000000080000000, 0x0000000085a80000, 0x00000000d5580000)
  object space 92672K, 99% used [0x0000000080000000,0x0000000085a66c20,0x0000000085a80000)
 Metaspace       used 65663K, committed 67200K, reserved 1114112K
  class space    used 6891K, committed 7552K, reserved 1048576K
}
Event: 37.418 GC heap before
{Heap before GC invocations=132 (full 3):
 PSYoungGen      total 20480K, used 20239K [0x00000000d5580000, 0x00000000d6c00000, 0x0000000100000000)
  eden space 18944K, 100% used [0x00000000d5580000,0x00000000d6800000,0x00000000d6800000)
  from space 1536K, 84% used [0x00000000d6a80000,0x00000000d6bc3d78,0x00000000d6c00000)
  to   space 1536K, 0% used [0x00000000d6900000,0x00000000d6900000,0x00000000d6a80000)
 ParOldGen       total 92672K, used 92571K [0x0000000080000000, 0x0000000085a80000, 0x00000000d5580000)
  object space 92672K, 99% used [0x0000000080000000,0x0000000085a66c20,0x0000000085a80000)
 Metaspace       used 66173K, committed 67648K, reserved 1114112K
  class space    used 6920K, committed 7552K, reserved 1048576K
}
Event: 37.420 GC heap after
{Heap after GC invocations=132 (full 3):
 PSYoungGen      total 19456K, used 480K [0x00000000d5580000, 0x00000000d6b00000, 0x0000000100000000)
  eden space 18944K, 0% used [0x00000000d5580000,0x00000000d5580000,0x00000000d6800000)
  from space 512K, 93% used [0x00000000d6900000,0x00000000d6978000,0x00000000d6980000)
  to   space 1024K, 0% used [0x00000000d6a00000,0x00000000d6a00000,0x00000000d6b00000)
 ParOldGen       total 93696K, used 93394K [0x0000000080000000, 0x0000000085b80000, 0x00000000d5580000)
  object space 93696K, 99% used [0x0000000080000000,0x0000000085b34b28,0x0000000085b80000)
 Metaspace       used 66173K, committed 67648K, reserved 1114112K
  class space    used 6920K, committed 7552K, reserved 1048576K
}
Event: 186.266 GC heap before
{Heap before GC invocations=133 (full 3):
 PSYoungGen      total 19456K, used 19424K [0x00000000d5580000, 0x00000000d6b00000, 0x0000000100000000)
  eden space 18944K, 100% used [0x00000000d5580000,0x00000000d6800000,0x00000000d6800000)
  from space 512K, 93% used [0x00000000d6900000,0x00000000d6978000,0x00000000d6980000)
  to   space 1024K, 0% used [0x00000000d6a00000,0x00000000d6a00000,0x00000000d6b00000)
 ParOldGen       total 93696K, used 93394K [0x0000000080000000, 0x0000000085b80000, 0x00000000d5580000)
  object space 93696K, 99% used [0x0000000080000000,0x0000000085b34b28,0x0000000085b80000)
 Metaspace       used 66699K, committed 68160K, reserved 1114112K
  class space    used 6985K, committed 7616K, reserved 1048576K
}
Event: 186.267 GC heap after
{Heap after GC invocations=133 (full 3):
 PSYoungGen      total 19456K, used 340K [0x00000000d5580000, 0x00000000d6a80000, 0x0000000100000000)
  eden space 18944K, 0% used [0x00000000d5580000,0x00000000d5580000,0x00000000d6800000)
  from space 512K, 66% used [0x00000000d6a00000,0x00000000d6a55200,0x00000000d6a80000)
  to   space 512K, 0% used [0x00000000d6900000,0x00000000d6900000,0x00000000d6980000)
 ParOldGen       total 94208K, used 93751K [0x0000000080000000, 0x0000000085c00000, 0x00000000d5580000)
  object space 94208K, 99% used [0x0000000080000000,0x0000000085b8dfb8,0x0000000085c00000)
 Metaspace       used 66699K, committed 68160K, reserved 1114112K
  class space    used 6985K, committed 7616K, reserved 1048576K
}
Event: 186.410 GC heap before
{Heap before GC invocations=134 (full 3):
 PSYoungGen      total 19456K, used 19284K [0x00000000d5580000, 0x00000000d6a80000, 0x0000000100000000)
  eden space 18944K, 100% used [0x00000000d5580000,0x00000000d6800000,0x00000000d6800000)
  from space 512K, 66% used [0x00000000d6a00000,0x00000000d6a55200,0x00000000d6a80000)
  to   space 512K, 0% used [0x00000000d6900000,0x00000000d6900000,0x00000000d6980000)
 ParOldGen       total 94208K, used 93751K [0x0000000080000000, 0x0000000085c00000, 0x00000000d5580000)
  object space 94208K, 99% used [0x0000000080000000,0x0000000085b8dfb8,0x0000000085c00000)
 Metaspace       used 67364K, committed 68864K, reserved 1114112K
  class space    used 7080K, committed 7744K, reserved 1048576K
}
Event: 186.411 GC heap after
{Heap after GC invocations=134 (full 3):
 PSYoungGen      total 19456K, used 496K [0x00000000d5580000, 0x00000000d6b00000, 0x0000000100000000)
  eden space 18944K, 0% used [0x00000000d5580000,0x00000000d5580000,0x00000000d6800000)
  from space 512K, 96% used [0x00000000d6900000,0x00000000d697c010,0x00000000d6980000)
  to   space 1536K, 0% used [0x00000000d6980000,0x00000000d6980000,0x00000000d6b00000)
 ParOldGen       total 94720K, used 94484K [0x0000000080000000, 0x0000000085c80000, 0x00000000d5580000)
  object space 94720K, 99% used [0x0000000080000000,0x0000000085c45208,0x0000000085c80000)
 Metaspace       used 67364K, committed 68864K, reserved 1114112K
  class space    used 7080K, committed 7744K, reserved 1048576K
}

Dll operation events (10 events):
Event: 0.012 Loaded shared library c:\Users\tn252\.vscode\extensions\redhat.java-1.54.0-win32-x64\jre\21.0.10-win32-x86_64\bin\java.dll
Event: 0.109 Loaded shared library c:\Users\tn252\.vscode\extensions\redhat.java-1.54.0-win32-x64\jre\21.0.10-win32-x86_64\bin\zip.dll
Event: 0.141 Loaded shared library C:\Users\tn252\.vscode\extensions\redhat.java-1.54.0-win32-x64\jre\21.0.10-win32-x86_64\bin\instrument.dll
Event: 0.201 Loaded shared library C:\Users\tn252\.vscode\extensions\redhat.java-1.54.0-win32-x64\jre\21.0.10-win32-x86_64\bin\net.dll
Event: 0.259 Loaded shared library C:\Users\tn252\.vscode\extensions\redhat.java-1.54.0-win32-x64\jre\21.0.10-win32-x86_64\bin\nio.dll
Event: 0.263 Loaded shared library C:\Users\tn252\.vscode\extensions\redhat.java-1.54.0-win32-x64\jre\21.0.10-win32-x86_64\bin\zip.dll
Event: 0.287 Loaded shared library C:\Users\tn252\.vscode\extensions\redhat.java-1.54.0-win32-x64\jre\21.0.10-win32-x86_64\bin\jimage.dll
Event: 0.446 Loaded shared library c:\Users\tn252\.vscode\extensions\redhat.java-1.54.0-win32-x64\jre\21.0.10-win32-x86_64\bin\verify.dll
Event: 10.874 Loaded shared library C:\Users\tn252\AppData\Roaming\Code\User\globalStorage\redhat.java\1.54.0\config_win\org.eclipse.equinox.launcher\org.eclipse.equinox.launcher.win32.win32.x86_64_1.3.0.v20260203-2149\eclipse_11919.dll
Event: 21.915 Loaded shared library C:\Users\tn252\AppData\Local\Temp\jna-110455189\jna4640503158914794368.dll

Deoptimization events (20 events):
Event: 186.454 Thread 0x0000024371893a10 DEOPT PACKING pc=0x000002435592ba84 sp=0x0000009a81bfe1e0
Event: 186.454 Thread 0x0000024371893a10 DEOPT UNPACKING pc=0x000002435c624242 sp=0x0000009a81bfd698 mode 0
Event: 186.455 Thread 0x0000024371893a10 DEOPT PACKING pc=0x000002435592ba84 sp=0x0000009a81bfe1e0
Event: 186.455 Thread 0x0000024371893a10 DEOPT UNPACKING pc=0x000002435c624242 sp=0x0000009a81bfd698 mode 0
Event: 186.458 Thread 0x0000024371893a10 Uncommon trap: trap_request=0xffffffde fr.pc=0x000002435d028118 relative=0x0000000000000078
Event: 186.458 Thread 0x0000024371893a10 Uncommon trap: reason=class_check action=maybe_recompile pc=0x000002435d028118 method=java.util.LinkedHashMap.afterNodeInsertion(Z)V @ 15 c2
Event: 186.458 Thread 0x0000024371893a10 DEOPT PACKING pc=0x000002435d028118 sp=0x0000009a81bfe910
Event: 186.458 Thread 0x0000024371893a10 DEOPT UNPACKING pc=0x000002435c623aa2 sp=0x0000009a81bfe888 mode 2
Event: 11377.906 Thread 0x0000024371891fd0 Uncommon trap: trap_request=0xfffffff4 fr.pc=0x000002435d3ef35c relative=0x000000000000031c
Event: 11377.906 Thread 0x0000024371891fd0 Uncommon trap: reason=null_check action=make_not_entrant pc=0x000002435d3ef35c method=org.eclipse.jdt.internal.core.PackageFragment.equals(Ljava/lang/Object;)Z @ 8 c2
Event: 11377.906 Thread 0x0000024371891fd0 DEOPT PACKING pc=0x000002435d3ef35c sp=0x0000009a813fe3e0
Event: 11377.906 Thread 0x0000024371891fd0 DEOPT UNPACKING pc=0x000002435c623aa2 sp=0x0000009a813fe388 mode 2
Event: 11377.915 Thread 0x00000243713854d0 Uncommon trap: trap_request=0xffffff45 fr.pc=0x000002435d1f2f70 relative=0x0000000000001cb0
Event: 11377.915 Thread 0x00000243713854d0 Uncommon trap: reason=unstable_if action=reinterpret pc=0x000002435d1f2f70 method=java.text.MessageFormat.subformat([Ljava/lang/Object;Ljava/lang/StringBuffer;Ljava/text/FieldPosition;Ljava/util/List;)Ljava/lang/StringBuffer; @ 444 c2
Event: 11377.915 Thread 0x00000243713854d0 DEOPT PACKING pc=0x000002435d1f2f70 sp=0x0000009a802fedb0
Event: 11377.915 Thread 0x00000243713854d0 DEOPT UNPACKING pc=0x000002435c623aa2 sp=0x0000009a802fed98 mode 2
Event: 11377.943 Thread 0x0000024371891fd0 Uncommon trap: trap_request=0xffffffc6 fr.pc=0x000002435cd04f94 relative=0x00000000000001f4
Event: 11377.943 Thread 0x0000024371891fd0 Uncommon trap: reason=bimorphic_or_optimized_type_check action=maybe_recompile pc=0x000002435cd04f94 method=java.util.Collections.eq(Ljava/lang/Object;Ljava/lang/Object;)Z @ 18 c2
Event: 11377.943 Thread 0x0000024371891fd0 DEOPT PACKING pc=0x000002435cd04f94 sp=0x0000009a813fe630
Event: 11377.943 Thread 0x0000024371891fd0 DEOPT UNPACKING pc=0x000002435c623aa2 sp=0x0000009a813fe570 mode 2

Classes loaded (20 events):
Event: 35.666 Loading class java/lang/invoke/MethodHandleImpl$CountingWrapper$1
Event: 35.666 Loading class java/lang/invoke/MethodHandleImpl$CountingWrapper$1 done
Event: 36.451 Loading class java/util/AbstractList$RandomAccessSubList
Event: 36.451 Loading class java/util/AbstractList$SubList
Event: 36.452 Loading class java/util/AbstractList$SubList done
Event: 36.452 Loading class java/util/AbstractList$RandomAccessSubList done
Event: 36.452 Loading class java/util/AbstractList$SubList$1
Event: 36.452 Loading class java/util/AbstractList$SubList$1 done
Event: 36.472 Loading class java/util/stream/ReduceOps$4
Event: 36.473 Loading class java/util/stream/ReduceOps$4 done
Event: 36.473 Loading class java/util/stream/ReduceOps$4ReducingSink
Event: 36.473 Loading class java/util/stream/ReduceOps$4ReducingSink done
Event: 37.188 Loading class jdk/internal/ref/CleanerImpl$InnocuousThreadFactory
Event: 37.188 Loading class jdk/internal/ref/CleanerImpl$InnocuousThreadFactory done
Event: 11377.662 Loading class java/util/stream/DistinctOps
Event: 11377.668 Loading class java/util/stream/DistinctOps done
Event: 11377.668 Loading class java/util/stream/DistinctOps$1
Event: 11377.679 Loading class java/util/stream/DistinctOps$1 done
Event: 11377.758 Loading class java/util/stream/DistinctOps$1$2
Event: 11377.759 Loading class java/util/stream/DistinctOps$1$2 done

Classes unloaded (7 events):
Event: 22.454 Thread 0x00000243688f1db0 Unloading class 0x00000243011a5000 'java/lang/invoke/LambdaForm$MH+0x00000243011a5000'
Event: 22.454 Thread 0x00000243688f1db0 Unloading class 0x00000243011a4c00 'java/lang/invoke/LambdaForm$MH+0x00000243011a4c00'
Event: 22.454 Thread 0x00000243688f1db0 Unloading class 0x00000243011a4800 'java/lang/invoke/LambdaForm$MH+0x00000243011a4800'
Event: 22.454 Thread 0x00000243688f1db0 Unloading class 0x00000243011a4400 'java/lang/invoke/LambdaForm$MH+0x00000243011a4400'
Event: 22.454 Thread 0x00000243688f1db0 Unloading class 0x00000243011a4000 'java/lang/invoke/LambdaForm$BMH+0x00000243011a4000'
Event: 22.454 Thread 0x00000243688f1db0 Unloading class 0x00000243011a3c00 'java/lang/invoke/LambdaForm$DMH+0x00000243011a3c00'
Event: 22.454 Thread 0x00000243688f1db0 Unloading class 0x00000243011a2800 'java/lang/invoke/LambdaForm$DMH+0x00000243011a2800'

Classes redefined (0 events):
No events

Internal exceptions (20 events):
Event: 36.480 Thread 0x0000024371891940 Exception <a 'java/lang/NoSuchMethodError'{0x00000000d57aab48}: 'int java.lang.invoke.DirectMethodHandle$Holder.invokeSpecialIFC(java.lang.Object, java.lang.Object, java.lang.Object)'> (0x00000000d57aab48) 
thrown [s\src\hotspot\share\interpreter\linkResolver.cpp, line 773]
Event: 36.480 Thread 0x0000024371893a10 Exception <a 'java/lang/NoSuchMethodError'{0x00000000d57db2a0}: 'int java.lang.invoke.DirectMethodHandle$Holder.invokeSpecialIFC(java.lang.Object, java.lang.Object, java.lang.Object)'> (0x00000000d57db2a0) 
thrown [s\src\hotspot\share\interpreter\linkResolver.cpp, line 773]
Event: 36.503 Thread 0x0000024371890c20 Exception <a 'java/lang/LinkageError'{0x00000000d5a29620}: loader lombok.launch.ShadowClassLoader @3bf05580 attempted duplicate class definition for lombok.launch.PatchFixesHider$Delegate. (lombok.launch.PatchFixesHider$Delegate is in unnamed module of loader lombok.launch.ShadowClassLoader @3bf05580, parent loader org.eclipse.osgi.internal.loader.EquinoxClassLoader @4ea48e2a)> (0x00000000d5a29620) 
thrown [s\src\hotspot\share\classfile\systemDictionary.cpp, line 1672]
Event: 36.504 Thread 0x0000024371891940 Exception <a 'java/lang/LinkageError'{0x00000000d5a08670}: loader lombok.launch.ShadowClassLoader @3bf05580 attempted duplicate class definition for lombok.launch.PatchFixesHider$Delegate. (lombok.launch.PatchFixesHider$Delegate is in unnamed module of loader lombok.launch.ShadowClassLoader @3bf05580, parent loader org.eclipse.osgi.internal.loader.EquinoxClassLoader @4ea48e2a)> (0x00000000d5a08670) 
thrown [s\src\hotspot\share\classfile\systemDictionary.cpp, line 1672]
Event: 36.505 Thread 0x000002436f3fa3a0 Exception <a 'java/lang/LinkageError'{0x00000000d599dab0}: loader lombok.launch.ShadowClassLoader @3bf05580 attempted duplicate class definition for lombok.launch.PatchFixesHider$Delegate. (lombok.launch.PatchFixesHider$Delegate is in unnamed module of loader lombok.launch.ShadowClassLoader @3bf05580, parent loader org.eclipse.osgi.internal.loader.EquinoxClassLoader @4ea48e2a)> (0x00000000d599dab0) 
thrown [s\src\hotspot\share\classfile\systemDictionary.cpp, line 1672]
Event: 36.949 Thread 0x0000024371890c20 Exception <a 'java/lang/LinkageError'{0x00000000d6540740}: loader lombok.launch.ShadowClassLoader @3ac3fc58 attempted duplicate class definition for lombok.eclipse.EcjAugments. (lombok.eclipse.EcjAugments is in unnamed module of loader lombok.launch.ShadowClassLoader @3ac3fc58, parent loader org.eclipse.osgi.internal.loader.EquinoxClassLoader @578ac95a)> (0x00000000d6540740) 
thrown [s\src\hotspot\share\classfile\systemDictionary.cpp, line 1672]
Event: 36.951 Thread 0x0000024371891940 Exception <a 'java/lang/LinkageError'{0x00000000d658c798}: loader lombok.launch.ShadowClassLoader @3ac3fc58 attempted duplicate class definition for lombok.eclipse.EcjAugments. (lombok.eclipse.EcjAugments is in unnamed module of loader lombok.launch.ShadowClassLoader @3ac3fc58, parent loader org.eclipse.osgi.internal.loader.EquinoxClassLoader @578ac95a)> (0x00000000d658c798) 
thrown [s\src\hotspot\share\classfile\systemDictionary.cpp, line 1672]
Event: 36.956 Thread 0x0000024371891940 Exception <a 'java/lang/LinkageError'{0x00000000d6594e18}: loader lombok.launch.ShadowClassLoader @3ac3fc58 attempted duplicate class definition for lombok.eclipse.agent.PatchDiagnostics. (lombok.eclipse.agent.PatchDiagnostics is in unnamed module of loader lombok.launch.ShadowClassLoader @3ac3fc58, parent loader org.eclipse.osgi.internal.loader.EquinoxClassLoader @578ac95a)> (0x00000000d6594e18) 
thrown [s\src\hotspot\share\classfile\systemDictionary.cpp, line 1672]
Event: 36.956 Thread 0x0000024371890c20 Exception <a 'java/lang/LinkageError'{0x00000000d6548e48}: loader lombok.launch.ShadowClassLoader @3ac3fc58 attempted duplicate class definition for lombok.eclipse.agent.PatchDiagnostics. (lombok.eclipse.agent.PatchDiagnostics is in unnamed module of loader lombok.launch.ShadowClassLoader @3ac3fc58, parent loader org.eclipse.osgi.internal.loader.EquinoxClassLoader @578ac95a)> (0x00000000d6548e48) 
thrown [s\src\hotspot\share\classfile\systemDictionary.cpp, line 1672]
Event: 36.967 Thread 0x000002436f3fa3a0 Exception <a 'java/io/FileNotFoundException'{0x00000000d65b1e30}> (0x00000000d65b1e30) 
thrown [s\src\hotspot\share\prims\jni.cpp, line 520]
Event: 36.967 Thread 0x000002436f3fa3a0 Exception <a 'java/io/FileNotFoundException'{0x00000000d65b2f18}> (0x00000000d65b2f18) 
thrown [s\src\hotspot\share\prims\jni.cpp, line 520]
Event: 36.967 Thread 0x000002436f3fa3a0 Exception <a 'java/io/FileNotFoundException'{0x00000000d65b3c80}> (0x00000000d65b3c80) 
thrown [s\src\hotspot\share\prims\jni.cpp, line 520]
Event: 36.973 Thread 0x0000024371890c20 Exception <a 'java/lang/LinkageError'{0x00000000d6689e60}: loader lombok.launch.ShadowClassLoader @3ac3fc58 attempted duplicate class definition for lombok.launch.PatchFixesHider$PatchFixes. (lombok.launch.PatchFixesHider$PatchFixes is in unnamed module of loader lombok.launch.ShadowClassLoader @3ac3fc58, parent loader org.eclipse.osgi.internal.loader.EquinoxClassLoader @578ac95a)> (0x00000000d6689e60) 
thrown [s\src\hotspot\share\classfile\systemDictionary.cpp, line 1672]
Event: 36.974 Thread 0x0000024371891940 Exception <a 'java/lang/LinkageError'{0x00000000d66bb468}: loader lombok.launch.ShadowClassLoader @3ac3fc58 attempted duplicate class definition for lombok.launch.PatchFixesHider$PatchFixes. (lombok.launch.PatchFixesHider$PatchFixes is in unnamed module of loader lombok.launch.ShadowClassLoader @3ac3fc58, parent loader org.eclipse.osgi.internal.loader.EquinoxClassLoader @578ac95a)> (0x00000000d66bb468) 
thrown [s\src\hotspot\share\classfile\systemDictionary.cpp, line 1672]
Event: 186.068 Thread 0x00000243718912b0 Exception <a 'java/lang/IncompatibleClassChangeError'{0x00000000d5c91558}: Found class java.lang.Object, but interface was expected> (0x00000000d5c91558) 
thrown [s\src\hotspot\share\interpreter\linkResolver.cpp, line 840]
Event: 11377.886 Thread 0x0000024371891fd0 Exception <a 'sun/nio/fs/WindowsException'{0x00000000d5f0abf8}> (0x00000000d5f0abf8) 
thrown [s\src\hotspot\share\prims\jni.cpp, line 520]
Event: 11377.886 Thread 0x0000024371891fd0 Exception <a 'sun/nio/fs/WindowsException'{0x00000000d5f0b5f0}> (0x00000000d5f0b5f0) 
thrown [s\src\hotspot\share\prims\jni.cpp, line 520]
Event: 11377.906 Thread 0x0000024371891fd0 Implicit null exception at 0x000002435d3ef089 to 0x000002435d3ef34c
Event: 11377.934 Thread 0x0000024371891fd0 Exception <a 'java/lang/NoSuchMethodError'{0x00000000d603f238}: 'java.lang.Object java.lang.invoke.DirectMethodHandle$Holder.invokeStatic(java.lang.Object, java.lang.Object, int, java.lang.Object)'> (0x00000000d603f238) 
thrown [s\src\hotspot\share\interpreter\linkResolver.cpp, line 773]
Event: 11377.935 Thread 0x0000024371891fd0 Exception <a 'java/lang/NoSuchMethodError'{0x00000000d6046228}: 'java.lang.Object java.lang.invoke.DirectMethodHandle$Holder.newInvokeSpecial(java.lang.Object, java.lang.Object, int)'> (0x00000000d6046228) 
thrown [s\src\hotspot\share\interpreter\linkResolver.cpp, line 773]

ZGC Phase Switch (0 events):
No events

VM Operations (20 events):
Event: 10762.884 Executing non-safepoint VM operation: RendezvousGCThreads
Event: 10762.884 Executing non-safepoint VM operation: RendezvousGCThreads done
Event: 11003.601 Executing non-safepoint VM operation: HandshakeAllThreads (HandshakeForDeflation)
Event: 11003.601 Executing non-safepoint VM operation: HandshakeAllThreads (HandshakeForDeflation) done
Event: 11003.601 Executing non-safepoint VM operation: RendezvousGCThreads
Event: 11003.601 Executing non-safepoint VM operation: RendezvousGCThreads done
Event: 11123.819 Executing non-safepoint VM operation: HandshakeAllThreads (HandshakeForDeflation)
Event: 11123.819 Executing non-safepoint VM operation: HandshakeAllThreads (HandshakeForDeflation) done
Event: 11123.819 Executing non-safepoint VM operation: RendezvousGCThreads
Event: 11123.819 Executing non-safepoint VM operation: RendezvousGCThreads done
Event: 11304.152 Executing non-safepoint VM operation: HandshakeAllThreads (HandshakeForDeflation)
Event: 11304.152 Executing non-safepoint VM operation: HandshakeAllThreads (HandshakeForDeflation) done
Event: 11304.152 Executing non-safepoint VM operation: RendezvousGCThreads
Event: 11304.152 Executing non-safepoint VM operation: RendezvousGCThreads done
Event: 11377.749 Executing non-safepoint VM operation: HandshakeAllThreads (Deoptimize)
Event: 11377.749 Executing non-safepoint VM operation: HandshakeAllThreads (Deoptimize) done
Event: 11377.827 Executing non-safepoint VM operation: HandshakeAllThreads (Deoptimize)
Event: 11377.827 Executing non-safepoint VM operation: HandshakeAllThreads (Deoptimize) done
Event: 11377.827 Executing safepoint VM operation: Cleanup
Event: 11377.827 Executing safepoint VM operation: Cleanup done

Memory protections (0 events):
No events

Nmethod flushes (20 events):
Event: 30.606 Thread 0x00000243688f1db0 flushing  nmethod 0x0000024355924490
Event: 30.606 Thread 0x00000243688f1db0 flushing  nmethod 0x0000024355927790
Event: 30.606 Thread 0x00000243688f1db0 flushing  nmethod 0x0000024355927b10
Event: 30.606 Thread 0x00000243688f1db0 flushing  nmethod 0x000002435593c710
Event: 30.606 Thread 0x00000243688f1db0 flushing  nmethod 0x000002435593ce10
Event: 30.606 Thread 0x00000243688f1db0 flushing  nmethod 0x000002435593d410
Event: 30.606 Thread 0x00000243688f1db0 flushing  nmethod 0x000002435593dc90
Event: 30.606 Thread 0x00000243688f1db0 flushing  nmethod 0x0000024355941590
Event: 30.606 Thread 0x00000243688f1db0 flushing  nmethod 0x0000024355943390
Event: 30.606 Thread 0x00000243688f1db0 flushing  nmethod 0x0000024355950210
Event: 30.606 Thread 0x00000243688f1db0 flushing  nmethod 0x0000024355958c10
Event: 30.606 Thread 0x00000243688f1db0 flushing  nmethod 0x000002435597b990
Event: 30.606 Thread 0x00000243688f1db0 flushing  nmethod 0x00000243559e0910
Event: 30.606 Thread 0x00000243688f1db0 flushing  nmethod 0x00000243559e2410
Event: 30.606 Thread 0x00000243688f1db0 flushing  nmethod 0x00000243559efd90
Event: 30.606 Thread 0x00000243688f1db0 flushing  nmethod 0x00000243559f1990
Event: 30.606 Thread 0x00000243688f1db0 flushing  nmethod 0x0000024355a02310
Event: 30.606 Thread 0x00000243688f1db0 flushing  nmethod 0x0000024355a1ad90
Event: 30.606 Thread 0x00000243688f1db0 flushing  nmethod 0x0000024355a1b690
Event: 30.606 Thread 0x00000243688f1db0 flushing  nmethod 0x0000024355a1ba10

Events (20 events):
Event: 35.638 Thread 0x000002436a1fc490 Thread added: 0x000002436a7d4b60
Event: 37.188 Thread 0x0000024371890c20 Thread added: 0x0000024371384120
Event: 42.859 Thread 0x000002436a7d4b60 Thread exited: 0x000002436a7d4b60
Event: 47.734 Thread 0x000002436a7d7440 Thread exited: 0x000002436a7d7440
Event: 96.500 Thread 0x000002436f3f6f20 Thread exited: 0x000002436f3f6f20
Event: 97.475 Thread 0x0000024371890c20 Thread exited: 0x0000024371890c20
Event: 157.459 Thread 0x000002436f3f9d10 Thread exited: 0x000002436f3f9d10
Event: 157.484 Thread 0x0000024371890590 Thread exited: 0x0000024371890590
Event: 186.087 Thread 0x000002436a1fc490 Thread added: 0x000002437d660320
Event: 186.094 Thread 0x000002437d660320 Thread added: 0x000002437d6610c0
Event: 191.843 Thread 0x000002437d6610c0 Thread exited: 0x000002437d6610c0
Event: 193.535 Thread 0x000002437d660320 Thread exited: 0x000002437d660320
Event: 246.468 Thread 0x0000024371893a10 Thread exited: 0x0000024371893a10
Event: 306.468 Thread 0x0000024371891940 Thread exited: 0x0000024371891940
Event: 366.468 Thread 0x0000024371892cf0 Thread exited: 0x0000024371892cf0
Event: 426.471 Thread 0x000002437188f1e0 Thread exited: 0x000002437188f1e0
Event: 486.486 Thread 0x0000024371895450 Thread exited: 0x0000024371895450
Event: 1221.986 Thread 0x000002436f3fa3a0 Thread added: 0x00000243713854d0
Event: 1221.986 Thread 0x000002436f3f75b0 Thread exited: 0x000002436f3f75b0
Event: 11377.907 Thread 0x00000243713854d0 Thread added: 0x000002437137ebd0


Dynamic libraries:
0x00007ff65fc30000 - 0x00007ff65fc3e000 	c:\Users\tn252\.vscode\extensions\redhat.java-1.54.0-win32-x64\jre\21.0.10-win32-x86_64\bin\java.exe
0x00007ff8a22f0000 - 0x00007ff8a24e8000 	C:\Windows\SYSTEM32\ntdll.dll
0x00007ff8a07a0000 - 0x00007ff8a0862000 	C:\Windows\System32\KERNEL32.DLL
0x00007ff89ffe0000 - 0x00007ff8a02d6000 	C:\Windows\System32\KERNELBASE.dll
0x00007ff89faf0000 - 0x00007ff89fbf0000 	C:\Windows\System32\ucrtbase.dll
0x00007ff87e630000 - 0x00007ff87e648000 	c:\Users\tn252\.vscode\extensions\redhat.java-1.54.0-win32-x64\jre\21.0.10-win32-x86_64\bin\jli.dll
0x00007ff8a1c10000 - 0x00007ff8a1db1000 	C:\Windows\System32\USER32.dll
0x00007ff8a02e0000 - 0x00007ff8a0302000 	C:\Windows\System32\win32u.dll
0x00007ff8a0990000 - 0x00007ff8a09bb000 	C:\Windows\System32\GDI32.dll
0x00007ff8761f0000 - 0x00007ff87620e000 	c:\Users\tn252\.vscode\extensions\redhat.java-1.54.0-win32-x64\jre\21.0.10-win32-x86_64\bin\VCRUNTIME140.dll
0x00007ff89f9d0000 - 0x00007ff89fae9000 	C:\Windows\System32\gdi32full.dll
0x00007ff884910000 - 0x00007ff884bab000 	C:\Windows\WinSxS\amd64_microsoft.windows.common-controls_6595b64144ccf1df_6.0.19041.6456_none_60b8a6cb71f64256\COMCTL32.dll
0x00007ff89fd30000 - 0x00007ff89fdcd000 	C:\Windows\System32\msvcp_win.dll
0x00007ff8a0880000 - 0x00007ff8a091e000 	C:\Windows\System32\msvcrt.dll
0x00007ff8a0da0000 - 0x00007ff8a0dcf000 	C:\Windows\System32\IMM32.DLL
0x00007ff89bd50000 - 0x00007ff89bd5c000 	c:\Users\tn252\.vscode\extensions\redhat.java-1.54.0-win32-x64\jre\21.0.10-win32-x86_64\bin\vcruntime140_1.dll
0x00007ff845fb0000 - 0x00007ff84603d000 	c:\Users\tn252\.vscode\extensions\redhat.java-1.54.0-win32-x64\jre\21.0.10-win32-x86_64\bin\msvcp140.dll
0x00007ff845200000 - 0x00007ff845fa1000 	c:\Users\tn252\.vscode\extensions\redhat.java-1.54.0-win32-x64\jre\21.0.10-win32-x86_64\bin\server\jvm.dll
0x00007ff8a0b70000 - 0x00007ff8a0c21000 	C:\Windows\System32\ADVAPI32.dll
0x00007ff8a1fc0000 - 0x00007ff8a205f000 	C:\Windows\System32\sechost.dll
0x00007ff8a2190000 - 0x00007ff8a22b0000 	C:\Windows\System32\RPCRT4.dll
0x00007ff89fc70000 - 0x00007ff89fc97000 	C:\Windows\System32\bcrypt.dll
0x00007ff8a1380000 - 0x00007ff8a13eb000 	C:\Windows\System32\WS2_32.dll
0x00007ff8935e0000 - 0x00007ff893607000 	C:\Windows\SYSTEM32\WINMM.dll
0x00007ff89eee0000 - 0x00007ff89ef2b000 	C:\Windows\SYSTEM32\POWRPROF.dll
0x00007ff897b40000 - 0x00007ff897b4a000 	C:\Windows\SYSTEM32\VERSION.dll
0x00007ff89ed50000 - 0x00007ff89ed62000 	C:\Windows\SYSTEM32\UMPDC.dll
0x00007ff89e150000 - 0x00007ff89e162000 	C:\Windows\SYSTEM32\kernel.appcore.dll
0x00007ff89ab60000 - 0x00007ff89ab6a000 	c:\Users\tn252\.vscode\extensions\redhat.java-1.54.0-win32-x64\jre\21.0.10-win32-x86_64\bin\jimage.dll
0x00007ff89d690000 - 0x00007ff89d891000 	C:\Windows\SYSTEM32\DBGHELP.DLL
0x00007ff87d090000 - 0x00007ff87d0c4000 	C:\Windows\SYSTEM32\dbgcore.DLL
0x00007ff89fca0000 - 0x00007ff89fd22000 	C:\Windows\System32\bcryptPrimitives.dll
0x00007ff89a940000 - 0x00007ff89a94f000 	c:\Users\tn252\.vscode\extensions\redhat.java-1.54.0-win32-x64\jre\21.0.10-win32-x86_64\bin\instrument.dll
0x00007ff872a00000 - 0x00007ff872a20000 	c:\Users\tn252\.vscode\extensions\redhat.java-1.54.0-win32-x64\jre\21.0.10-win32-x86_64\bin\java.dll
0x00007ff8a1410000 - 0x00007ff8a1b80000 	C:\Windows\System32\SHELL32.dll
0x00007ff89d990000 - 0x00007ff89e135000 	C:\Windows\SYSTEM32\windows.storage.dll
0x00007ff8a0310000 - 0x00007ff8a0664000 	C:\Windows\System32\combase.dll
0x00007ff89f3b0000 - 0x00007ff89f3db000 	C:\Windows\SYSTEM32\Wldp.dll
0x00007ff8a12a0000 - 0x00007ff8a136d000 	C:\Windows\System32\OLEAUT32.dll
0x00007ff8a06f0000 - 0x00007ff8a079d000 	C:\Windows\System32\SHCORE.dll
0x00007ff8a0c30000 - 0x00007ff8a0c8b000 	C:\Windows\System32\shlwapi.dll
0x00007ff89f8b0000 - 0x00007ff89f8d4000 	C:\Windows\SYSTEM32\profapi.dll
0x00007ff8842a0000 - 0x00007ff8842b8000 	c:\Users\tn252\.vscode\extensions\redhat.java-1.54.0-win32-x64\jre\21.0.10-win32-x86_64\bin\zip.dll
0x00007ff89a890000 - 0x00007ff89a8a0000 	C:\Users\tn252\.vscode\extensions\redhat.java-1.54.0-win32-x64\jre\21.0.10-win32-x86_64\bin\net.dll
0x00007ff897200000 - 0x00007ff89730a000 	C:\Windows\SYSTEM32\WINHTTP.dll
0x00007ff89f0f0000 - 0x00007ff89f15a000 	C:\Windows\system32\mswsock.dll
0x00007ff871770000 - 0x00007ff871786000 	C:\Users\tn252\.vscode\extensions\redhat.java-1.54.0-win32-x64\jre\21.0.10-win32-x86_64\bin\nio.dll
0x00007ff898fd0000 - 0x00007ff898fe0000 	c:\Users\tn252\.vscode\extensions\redhat.java-1.54.0-win32-x64\jre\21.0.10-win32-x86_64\bin\verify.dll
0x00007ff85f0f0000 - 0x00007ff85f135000 	C:\Users\tn252\AppData\Roaming\Code\User\globalStorage\redhat.java\1.54.0\config_win\org.eclipse.equinox.launcher\org.eclipse.equinox.launcher.win32.win32.x86_64_1.3.0.v20260203-2149\eclipse_11919.dll
0x00007ff8a2060000 - 0x00007ff8a218b000 	C:\Windows\System32\ole32.dll
0x00007ff89f310000 - 0x00007ff89f328000 	C:\Windows\SYSTEM32\CRYPTSP.dll
0x00007ff89e980000 - 0x00007ff89e9b8000 	C:\Windows\system32\rsaenh.dll
0x00007ff89f830000 - 0x00007ff89f85e000 	C:\Windows\SYSTEM32\USERENV.dll
0x00007ff89f300000 - 0x00007ff89f30c000 	C:\Windows\SYSTEM32\CRYPTBASE.dll
0x00007ff89ed70000 - 0x00007ff89edab000 	C:\Windows\SYSTEM32\IPHLPAPI.DLL
0x00007ff8a0920000 - 0x00007ff8a0928000 	C:\Windows\System32\NSI.dll
0x00007ff85a580000 - 0x00007ff85a5c9000 	C:\Users\tn252\AppData\Local\Temp\jna-110455189\jna4640503158914794368.dll
0x00007ff8a0870000 - 0x00007ff8a0878000 	C:\Windows\System32\PSAPI.DLL
0x00007ff89a760000 - 0x00007ff89a777000 	C:\Windows\SYSTEM32\dhcpcsvc6.DLL
0x00007ff89a730000 - 0x00007ff89a74d000 	C:\Windows\SYSTEM32\dhcpcsvc.DLL

JVMTI agents:
c:\Users\tn252\.vscode\extensions\redhat.java-1.54.0-win32-x64\lombok\lombok-1.18.39-4050.jar path:c:\Users\tn252\.vscode\extensions\redhat.java-1.54.0-win32-x64\jre\21.0.10-win32-x86_64\bin\instrument.dll, loaded, initialized, instrumentlib options:none

dbghelp: loaded successfully - version: 4.0.5 - missing functions: none
symbol engine: initialized successfully - sym options: 0x614 - pdb path: .;c:\Users\tn252\.vscode\extensions\redhat.java-1.54.0-win32-x64\jre\21.0.10-win32-x86_64\bin;C:\Windows\SYSTEM32;C:\Windows\WinSxS\amd64_microsoft.windows.common-controls_6595b64144ccf1df_6.0.19041.6456_none_60b8a6cb71f64256;c:\Users\tn252\.vscode\extensions\redhat.java-1.54.0-win32-x64\jre\21.0.10-win32-x86_64\bin\server;C:\Users\tn252\AppData\Roaming\Code\User\globalStorage\redhat.java\1.54.0\config_win\org.eclipse.equinox.launcher\org.eclipse.equinox.launcher.win32.win32.x86_64_1.3.0.v20260203-2149;C:\Users\tn252\AppData\Local\Temp\jna-110455189

VM Arguments:
jvm_args: --add-modules=ALL-SYSTEM --add-opens=java.base/java.util=ALL-UNNAMED --add-opens=java.base/java.lang=ALL-UNNAMED --add-opens=java.base/sun.nio.fs=ALL-UNNAMED -Declipse.application=org.eclipse.jdt.ls.core.id1 -Dosgi.bundles.defaultStartLevel=4 -Declipse.product=org.eclipse.jdt.ls.core.product -Djava.import.generatesMetadataFilesAtProjectRoot=false -DDetectVMInstallationsJob.disabled=true -Dfile.encoding=utf8 -XX:+UseParallelGC -XX:GCTimeRatio=4 -XX:AdaptiveSizePolicyWeight=90 -Dsun.zip.disableMemoryMapping=true -Xmx2G -Xms100m -Xlog:disable -javaagent:c:\Users\tn252\.vscode\extensions\redhat.java-1.54.0-win32-x64\lombok\lombok-1.18.39-4050.jar -XX:+HeapDumpOnOutOfMemoryError -XX:HeapDumpPath=c:\Users\tn252\AppData\Roaming\Code\User\workspaceStorage\a386a2c6cfc43a516101c149a0ce5792\redhat.java -Daether.dependencyCollector.impl=bf 
java_command: c:\Users\tn252\.vscode\extensions\redhat.java-1.54.0-win32-x64\server\plugins\org.eclipse.equinox.launcher_1.7.100.v20251111-0406.jar -configuration c:\Users\tn252\AppData\Roaming\Code\User\globalStorage\redhat.java\1.54.0\config_win -data c:\Users\tn252\AppData\Roaming\Code\User\workspaceStorage\a386a2c6cfc43a516101c149a0ce5792\redhat.java\jdt_ws --pipe=\\.\pipe\lsp-10e0b5807357bf675d3cd78248aeeeed-sock
java_class_path (initial): c:\Users\tn252\.vscode\extensions\redhat.java-1.54.0-win32-x64\server\plugins\org.eclipse.equinox.launcher_1.7.100.v20251111-0406.jar
Launcher Type: SUN_STANDARD

[Global flags]
    uintx AdaptiveSizePolicyWeight                 = 90                                        {product} {command line}
     intx CICompilerCount                          = 4                                         {product} {ergonomic}
    uintx GCTimeRatio                              = 4                                         {product} {command line}
     bool HeapDumpOnOutOfMemoryError               = true                                   {manageable} {command line}
    ccstr HeapDumpPath                             = c:\Users\tn252\AppData\Roaming\Code\User\workspaceStorage\a386a2c6cfc43a516101c149a0ce5792\redhat.java         {manageable} {command line}
   size_t InitialHeapSize                          = 104857600                                 {product} {command line}
   size_t MaxHeapSize                              = 2147483648                                {product} {command line}
   size_t MaxNewSize                               = 715653120                                 {product} {ergonomic}
   size_t MinHeapDeltaBytes                        = 524288                                    {product} {ergonomic}
   size_t MinHeapSize                              = 104857600                                 {product} {command line}
   size_t NewSize                                  = 34603008                                  {product} {ergonomic}
    uintx NonNMethodCodeHeapSize                   = 5839372                                {pd product} {ergonomic}
    uintx NonProfiledCodeHeapSize                  = 122909434                              {pd product} {ergonomic}
   size_t OldSize                                  = 70254592                                  {product} {ergonomic}
    uintx ProfiledCodeHeapSize                     = 122909434                              {pd product} {ergonomic}
    uintx ReservedCodeCacheSize                    = 251658240                              {pd product} {ergonomic}
     bool SegmentedCodeCache                       = true                                      {product} {ergonomic}
   size_t SoftMaxHeapSize                          = 2147483648                             {manageable} {ergonomic}
     bool UseCompressedOops                        = true                           {product lp64_product} {ergonomic}
     bool UseLargePagesIndividualAllocation        = false                                  {pd product} {ergonomic}
     bool UseParallelGC                            = true                                      {product} {command line}

Logging:
Log output configuration:
 #0: stdout all=off uptime,level,tags foldmultilines=false
 #1: stderr all=off uptime,level,tags foldmultilines=false

Release file:
JAVA_VERSION="21.0.10" 
MODULES="java.base java.compiler java.datatransfer java.xml java.prefs java.desktop java.instrument java.logging java.management java.security.sasl java.naming java.rmi java.management.rmi java.net.http java.scripting java.security.jgss java.transaction.xa java.sql java.sql.rowset java.xml.crypto java.se java.smartcardio jdk.accessibility jdk.internal.jvmstat jdk.attach jdk.charsets jdk.internal.opt jdk.zipfs jdk.compiler jdk.crypto.ec jdk.crypto.cryptoki jdk.crypto.mscapi jdk.dynalink jdk.internal.ed jdk.editpad jdk.hotspot.agent jdk.httpserver jdk.internal.le jdk.internal.vm.ci jdk.internal.vm.compiler jdk.internal.vm.compiler.management jdk.jartool jdk.javadoc jdk.jcmd jdk.management jdk.management.agent jdk.jconsole jdk.jdeps jdk.jdwp.agent jdk.jdi jdk.jfr jdk.jshell jdk.jsobject jdk.jstatd jdk.localedata jdk.management.jfr jdk.naming.dns jdk.naming.rmi jdk.net jdk.nio.mapmode jdk.random jdk.sctp jdk.security.auth jdk.security.jgss jdk.unsupported jdk.unsupported.desktop jdk.xml.dom" 

Environment Variables:
JAVA_HOME=C:\Program Files\Eclipse Adoptium\jdk-21.0.11.10-hotspot\
PATH=C:\Program Files\Eclipse Adoptium\jdk-21.0.11.10-hotspot\bin;C:\Windows\system32;C:\Windows;C:\Windows\System32\Wbem;C:\Windows\System32\WindowsPowerShell\v1.0\;C:\Windows\System32\OpenSSH\;C:\Program Files\dotnet\;N:\MyArchives\Softwares\Git\Git\cmd;C:\Program Files\Docker\Docker\resources\bin;C:\Program Files\nodejs\;C:\Program Files\Eclipse Adoptium\jdk-21.0.11.10-hotspot\\bin;C:\Environments\apache-maven-3.9.16-bin\apache-maven-3.9.16\bin;C:\Program Files\Cloudflare\Cloudflare WARP\;C:\Users\tn252\AppData\Local\Microsoft\WindowsApps;N:\MyArchives\Softwares\VsCode\Microsoft VS Code\bin;C:\Users\tn252\AppData\Roaming\npm
USERNAME=tn252
OS=Windows_NT
PROCESSOR_IDENTIFIER=Intel64 Family 6 Model 165 Stepping 2, GenuineIntel
TMP=C:\Users\tn252\AppData\Local\Temp
TEMP=C:\Users\tn252\AppData\Local\Temp




Periodic native trim disabled

---------------  S Y S T E M  ---------------

OS:
 Windows 10 , 64 bit Build 19041 (10.0.19041.5915)
OS uptime: 0 days 4:40 hours
Hyper-V role detected

CPU: total 8 (initial active 8) (4 cores per cpu, 2 threads per core) family 6 model 165 stepping 2 microcode 0xc8, cx8, cmov, fxsr, ht, mmx, 3dnowpref, sse, sse2, sse3, ssse3, sse4.1, sse4.2, popcnt, lzcnt, tsc, tscinvbit, avx, avx2, aes, erms, clmul, bmi1, bmi2, adx, fma, vzeroupper, clflush, clflushopt, hv, rdtscp, f16c
Processor Information for the first 8 processors :
  Max Mhz: 2496, Current Mhz: 2496, Mhz Limit: 2496

Memory: 4k page, system-wide physical 16221M (5268M free)
TotalPageFile size 19165M (AvailPageFile size 2336M)
current process WorkingSet (physical memory assigned to process): 93M, peak: 371M
current process commit charge ("private bytes"): 382M, peak: 444M

vm_info: OpenJDK 64-Bit Server VM (21.0.10+7-LTS) for windows-amd64 JRE (21.0.10+7-LTS), built on 2026-01-20T00:00:00Z by "admin" with MS VC++ 17.12 (VS2022)

END.
